2023-11-16 16:03:54,070 - INFO - Hyperparameters: plot_number=1, NUM_RUNS=5, NUM_EP=300, INITIAL_EPSILON=0.2, BUFFER_SIZE=10000 EPSILON_DECAY_RATE=0.995, UPDATE_PERIOD=10, BATCH_SIZE=64, ALPHA=0.01, LAYER_SIZES=50
2023-11-16 16:19:18,894 - INFO - Hyperparameters: plot_number=2, NUM_RUNS=5, NUM_EP=300, INITIAL_EPSILON=0.2, BUFFER_SIZE=100000 EPSILON_DECAY_RATE=0.995, UPDATE_PERIOD=10, BATCH_SIZE=128, ALPHA=0.01, LAYER_SIZES=50
2023-11-16 16:29:34,967 - INFO - Hyperparameters: plot_number=3, NUM_RUNS=5, NUM_EP=300, INITIAL_EPSILON=0.2, BUFFER_SIZE=100000 EPSILON_DECAY_RATE=0.995, UPDATE_PERIOD=10, BATCH_SIZE=32, ALPHA=0.01, LAYER_SIZES=50
2023-11-16 16:41:51,241 - INFO - Hyperparameters: plot_number=4, NUM_RUNS=5, NUM_EP=300, INITIAL_EPSILON=0.2, BUFFER_SIZE=10000 EPSILON_DECAY_RATE=0.995, UPDATE_PERIOD=10, BATCH_SIZE=32, ALPHA=0.01, LAYER_SIZES=50
2023-11-16 17:02:02,937 - INFO - Hyperparameters: plot_number=5, NUM_RUNS=5, NUM_EP=300, INITIAL_EPSILON=0.3, BUFFER_SIZE=10000 EPSILON_DECAY_RATE=0.995, UPDATE_PERIOD=10, BATCH_SIZE=32, ALPHA=0.01, LAYER_SIZES=50, QUANTIFY_MEAN=119.31999969482422, QUANTIFY_STD=53.27194595336914
2023-11-16 17:19:58,966 - INFO - Hyperparameters: plot_number=6, NUM_RUNS=5, NUM_EP=300, INITIAL_EPSILON=0.2, BUFFER_SIZE=100000 EPSILON_DECAY_RATE=0.995, UPDATE_PERIOD=10, BATCH_SIZE=128, ALPHA=0.01, LAYER_SIZES=50, QUANTIFY_MEAN=161.47132873535156, QUANTIFY_STD=87.84676361083984
2023-11-16 17:35:35,110 - INFO - Hyperparameters: plot_number=7, NUM_RUNS=5, NUM_EP=300, INITIAL_EPSILON=0.2, BUFFER_SIZE=100000 EPSILON_DECAY_RATE=0.995, UPDATE_PERIOD=15, BATCH_SIZE=64, ALPHA=0.01, LAYER_SIZES=50, QUANTIFY_MEAN=142.4373321533203, QUANTIFY_STD=66.05474090576172
2023-11-16 18:46:54,572 - INFO - Hyperparameters: plot_number=8, NUM_RUNS=5, NUM_EP=300, INITIAL_EPSILON=0.2, BUFFER_SIZE=100000 EPSILON_DECAY_RATE=0.995, UPDATE_PERIOD=15, BATCH_SIZE=32, ALPHA=0.01, LAYER_SIZES=50, QUANTIFY_MEAN=184.10800170898438, QUANTIFY_STD=60.2121696472168
2023-11-16 19:11:30,324 - INFO - Hyperparameters: plot_number=9, NUM_RUNS=5, NUM_EP=300, INITIAL_EPSILON=0.2, BUFFER_SIZE=100000 EPSILON_DECAY_RATE=0.995, UPDATE_PERIOD=15, BATCH_SIZE=32, ALPHA=0.01, LAYER_SIZES=50, QUANTIFY_MEAN=130.65200805664062, QUANTIFY_STD=49.07364273071289
2023-11-16 19:17:05,209 - INFO - Hyperparameters: plot_number=10, NUM_RUNS=5, NUM_EP=300, INITIAL_EPSILON=0.2, BUFFER_SIZE=100000 EPSILON_DECAY_RATE=0.995, UPDATE_PERIOD=15, BATCH_SIZE=32, ALPHA=0.01, LAYER_SIZES=50, QUANTIFY_MEAN=9.34666633605957, QUANTIFY_STD=0.695094108581543
2023-11-16 19:18:47,133 - INFO - Hyperparameters: plot_number=11, NUM_RUNS=5, NUM_EP=300, INITIAL_EPSILON=0.2, BUFFER_SIZE=100000 EPSILON_DECAY_RATE=0.995, UPDATE_PERIOD=15, BATCH_SIZE=32, ALPHA=0.01, LAYER_SIZES=50, QUANTIFY_MEAN=9.390000343322754, QUANTIFY_STD=0.7007203698158264
2023-11-16 19:20:57,545 - INFO - Hyperparameters: plot_number=12, NUM_RUNS=5, NUM_EP=300, INITIAL_EPSILON=0.2, BUFFER_SIZE=100000 EPSILON_DECAY_RATE=0.995, UPDATE_PERIOD=15, BATCH_SIZE=32, ALPHA=0.01, LAYER_SIZES=50, QUANTIFY_MEAN=26.909332275390625, QUANTIFY_STD=39.56620407104492
2023-11-16 19:31:28,779 - INFO - Hyperparameters: plot_number=13, NUM_RUNS=5, NUM_EP=300, INITIAL_EPSILON=0.2, BUFFER_SIZE=100000 EPSILON_DECAY_RATE=0.995, UPDATE_PERIOD=15, BATCH_SIZE=32, ALPHA=0.01, LAYER_SIZES=50, QUANTIFY_MEAN=128.16136169433594, QUANTIFY_STD=48.01511764526367
2023-11-17 11:29:16,732 - INFO - Hyperparameters: plot_number=14, NUM_RUNS=5, NUM_EP=300, INITIAL_EPSILON=1, BUFFER_SIZE=100000 EPSILON_DECAY_RATE=0.995, UPDATE_PERIOD=15, BATCH_SIZE=32, ALPHA=0.01, LAYER_SIZES=50, QUANTIFY_MEAN=122.63800811767578, QUANTIFY_STD=40.68852615356445
2023-11-17 15:54:54,694 - ERROR - Failed to detect the name of this notebook, you can set it manually with the WANDB_NOTEBOOK_NAME environment variable to enable code saving.
2023-11-17 16:36:35,777 - INFO - Starting sweep agent: entity=None, project=None, count=5
2023-11-17 16:36:37,374 - ERROR - Failed to detect the name of this notebook, you can set it manually with the WANDB_NOTEBOOK_NAME environment variable to enable code saving.
2023-11-17 18:52:01,833 - INFO - Hyperparameters: plot_number=15, NUM_RUNS=5, NUM_EP=300, INITIAL_EPSILON=1, BUFFER_SIZE=100000 EPSILON_DECAY_RATE=0.995, UPDATE_PERIOD=15, BATCH_SIZE=32, ALPHA=0.01, LAYER_SIZES=50, QUANTIFY_MEAN=153.00332641601562, QUANTIFY_STD=52.65628433227539
2023-11-20 13:06:05,014 - INFO - Hyperparameters: plot_number=16, NUM_RUNS=10, NUM_EP=300, INITIAL_EPSILON=1, BUFFER_SIZE=100000 EPSILON_DECAY_RATE=0.98, UPDATE_PERIOD=15, BATCH_SIZE=128, ALPHA=0.1, LAYER_SIZES=512, QUANTIFY_MEAN=140.552001953125, QUANTIFY_STD=53.88356399536133
2023-11-20 15:30:31,756 - INFO - Hyperparameters: plot_number=17, NUM_RUNS=10, NUM_EP=300, INITIAL_EPSILON=1, BUFFER_SIZE=100000 EPSILON_DECAY_RATE=0.98, UPDATE_PERIOD=15, BATCH_SIZE=128, ALPHA=1.0023317217870426e-06, LAYER_SIZES=512, QUANTIFY_MEAN=59.714996337890625, QUANTIFY_STD=111.4365234375
2023-11-20 16:28:40,905 - INFO - Hyperparameters: plot_number=18, NUM_RUNS=10, NUM_EP=300, INITIAL_EPSILON=1, BUFFER_SIZE=100000 EPSILON_DECAY_RATE=0.98, UPDATE_PERIOD=15, BATCH_SIZE=128, ALPHA=1.0023317217870426e-06, LAYER_SIZES=50, QUANTIFY_MEAN=290.90399169921875, QUANTIFY_STD=91.72607421875
2023-11-20 17:36:09,964 - INFO - Hyperparameters: plot_number=19, NUM_RUNS=10, NUM_EP=300, INITIAL_EPSILON=1, BUFFER_SIZE=100000 EPSILON_DECAY_RATE=0.98, UPDATE_PERIOD=15, BATCH_SIZE=128, ALPHA=1.0023317217870426e-06, LAYER_SIZES=32, QUANTIFY_MEAN=288.74896240234375, QUANTIFY_STD=97.986328125
2023-11-21 14:33:56,600 - INFO - Hyperparameters: plot_number=20, NUM_RUNS=10, NUM_EP=300, INITIAL_EPSILON=1, BUFFER_SIZE=100000 EPSILON_DECAY_RATE=0.98, UPDATE_PERIOD=15, BATCH_SIZE=128, ALPHA=1.0023317217870426e-06, LAYER_SIZES=32, QUANTIFY_MEAN=291.2259826660156, QUANTIFY_STD=101.02637481689453
2023-11-21 21:01:49,021 - INFO - Hyperparameters: plot_number=21, NUM_RUNS=10, NUM_EP=300, INITIAL_EPSILON=1, BUFFER_SIZE=100000 EPSILON_DECAY_RATE=0.98, UPDATE_PERIOD=15, BATCH_SIZE=128, ALPHA=1.0023317217870426e-06, LAYER_SIZES=32, QUANTIFY_MEAN=70.23099517822266, QUANTIFY_STD=80.18079376220703
2023-11-21 21:58:38,791 - INFO - Hyperparameters: plot_number=22, NUM_RUNS=10, NUM_EP=300, INITIAL_EPSILON=1, BUFFER_SIZE=100000 EPSILON_DECAY_RATE=0.98, UPDATE_PERIOD=15, BATCH_SIZE=128, ALPHA=1.0023317217870426e-06, LAYER_SIZES=32, QUANTIFY_MEAN=288.8489990234375, QUANTIFY_STD=80.29198455810547
2023-11-22 10:02:21,874 - INFO - Hyperparameters: plot_number=23, NUM_RUNS=10, NUM_EP=300, INITIAL_EPSILON=1, BUFFER_SIZE=100000 EPSILON_DECAY_RATE=0.98, UPDATE_PERIOD=15, BATCH_SIZE=128, ALPHA=0.001, LAYER_SIZES=32, QUANTIFY_MEAN=252.85601806640625, QUANTIFY_STD=92.9360580444336
2023-11-22 10:51:14,031 - INFO - Hyperparameters: plot_number=24, NUM_RUNS=10, NUM_EP=300, INITIAL_EPSILON=1, BUFFER_SIZE=100000 EPSILON_DECAY_RATE=0.98, UPDATE_PERIOD=15, BATCH_SIZE=128, ALPHA=0.01, LAYER_SIZES=32, QUANTIFY_MEAN=265.0169982910156, QUANTIFY_STD=73.22137451171875
